#-----------------------------------------------------------
# Vivado v2025.1 (64-bit)
# SW Build 6140274 on Thu May 22 00:12:29 MDT 2025
# IP Build 6138677 on Thu May 22 03:10:11 MDT 2025
# SharedData Build 6139179 on Tue May 20 17:58:58 MDT 2025
# Start of session at: Thu Nov 20 17:59:16 2025
# Process ID         : 28272
# Current directory  : C:/Modelsim_projects/Project/hw
# Command line       : vivado.exe -gui_launcher_event rodinguilauncherevent26776 C:\Modelsim_projects\Project\hw\hw.xpr
# Log file           : C:/Modelsim_projects/Project/hw/vivado.log
# Journal file       : C:/Modelsim_projects/Project/hw\vivado.jou
# Running On         : LAPTOP-54NUE9F1
# Platform           : Windows Server 2016 or Windows 10
# Operating System   : 26100
# Processor Detail   : AMD Ryzen 9 270 w/ Radeon 780M Graphics        
# CPU Frequency      : 3993 MHz
# CPU Physical cores : 8
# CPU Logical cores  : 16
# Host memory        : 16422 MB
# Swap memory        : 27917 MB
# Total Virtual      : 44339 MB
# Available Virtual  : 16241 MB
#-----------------------------------------------------------
start_gui
open_project C:/Modelsim_projects/Project/hw/hw.xpr
update_compile_order -fileset sources_1
reset_run synth_1
launch_runs impl_1 -to_step write_bitstream -jobs 8
wait_on_run impl_1
open_hw_manager
connect_hw_server -allow_non_jtag
open_hw_target
set_property PROGRAM.FILE {C:/Modelsim_projects/Project/hw/hw.runs/impl_1/top.bit} [get_hw_devices xc7a100t_0]
current_hw_device [get_hw_devices xc7a100t_0]
refresh_hw_device -update_hw_probes false [lindex [get_hw_devices xc7a100t_0] 0]
set_property PROBES.FILE {} [get_hw_devices xc7a100t_0]
set_property FULL_PROBES.FILE {} [get_hw_devices xc7a100t_0]
set_property PROGRAM.FILE {C:/Modelsim_projects/Project/hw/hw.runs/impl_1/top.bit} [get_hw_devices xc7a100t_0]
program_hw_devices [get_hw_devices xc7a100t_0]
refresh_hw_device [lindex [get_hw_devices xc7a100t_0] 0]
