#-----------------------------------------------------------
# Vivado v2021.1 (64-bit)
# SW Build 3247384 on Thu Jun 10 19:36:33 MDT 2021
# IP Build 3246043 on Fri Jun 11 00:30:35 MDT 2021
# Start of session at: Wed Jul 27 13:04:40 2022
# Process ID: 291868
# Current directory: C:/Users/bokiss/AppData/Roaming/Xilinx/Vivado
# Command line: vivado.exe -gui_launcher_event rodinguilauncherevent103384
# Log file: C:/Users/bokiss/AppData/Roaming/Xilinx/Vivado/vivado.log
# Journal file: C:/Users/bokiss/AppData/Roaming/Xilinx/Vivado\vivado.jou
#-----------------------------------------------------------
start_gui
source {D:/WorkBORI/keyboard/Nexys-A7/hw/scripts/checkout.tcl}
update_compile_order -fileset sources_1
launch_runs impl_1 -to_step write_bitstream -jobs 24
wait_on_run impl_1
archive_project D:/WorkBORI/keyboard/Nexys-A7/hw/Nexys-A7-100T-Keyboard-hw.xpr.zip -temp_dir C:/Users/bokiss/AppData/Roaming/Xilinx/Vivado/.Xil/Vivado-291868-sim-ro -force -include_local_ip_cache -include_config_settings
